// Jest Snapshot v1, https://goo.gl/fbAQLP

exports[`RoomGraph 1`] = `
<div>
  <div
    class="recharts-wrapper"
    style="position: relative; cursor: default; width: 400px; height: 400px;"
  >
    <svg
      class="recharts-surface"
      height="400"
      version="1.1"
      viewBox="0 0 400 400"
      width="400"
    >
      <defs>
        <clippath
          id="recharts1-clip"
        >
          <rect
            height="390"
            width="390"
            x="5"
            y="5"
          />
        </clippath>
      </defs>
    </svg>
  </div>
</div>
`;
